main.c:39:6:drive_left_arm	16	static
main.c:44:6:drive_right_arm	16	static
main.c:49:6:drive_head	16	static
main.c:54:6:mydelay	32	static
main.c:64:6:The_Monkey	8	static
main.c:78:6:The_Wave	16	static
main.c:100:6:The_Right_Hiker	16	static
main.c:125:6:The_left_Hiker	16	static
main.c:150:6:The_Hands_up	8	static
main.c:164:6:The_Shimmy	8	static
main.c:177:6:The_pop	8	static
main.c:197:6:TIM3_IRQHandler	48	static
main.c:229:5:main	8	static,ignoring_inline_asm
main.c:301:6:SystemClock_Config	96	static
main.c:344:13:MX_TIM2_Init	64	static
main.c:407:13:MX_TIM4_Init	48	static
main.c:456:13:MX_GPIO_Init	16	static
main.c:473:6:Error_Handler	4	static,ignoring_inline_asm
